// Jest Snapshot v1, https://goo.gl/fbAQLP

exports[`Error should render Error Component 1`] = `
Array [
  <p>
    No repositories found
  </p>,
]
`;
